******************************************************************************
                  TI ARM Linker PC v16.9.6                     
******************************************************************************
>> Linked Wed Sep 19 16:45:26 2018

OUTPUT FILE NAME:   <Interrupt-Driven Monitor.out>
ENTRY POINT SYMBOL: "_c_int00"  address: 000035b1


MEMORY CONFIGURATION

         name            origin    length      used     unused   attr    fill
----------------------  --------  ---------  --------  --------  ----  --------
  FLASH                 00000000   00100000  00003b4e  000fc4b2  R  X
  SRAM                  20000000   00040000  00000b90  0003f470  RW X


SEGMENT ALLOCATION MAP

run origin  load origin   length   init length attrs members
----------  ----------- ---------- ----------- ----- -------
00000000    00000000    00003b54   00003b54    r-x
  00000000    00000000    00000208   00000208    r-- .intvecs
  00000208    00000208    0000375a   0000375a    r-x .text
  00003968    00003968    000001b0   000001b0    r-- .const
  00003b18    00003b18    0000003c   0000003c    r-- .cinit
20000000    20000000    00000b90   00000000    rw-
  20000000    20000000    00000800   00000000    rw- .stack
  20000800    20000800    00000390   00000000    rw- .data


SECTION ALLOCATION MAP

 output                                  attributes/
section   page    origin      length       input sections
--------  ----  ----------  ----------   ----------------
.intvecs   0    00000000    00000208     
                  00000000    00000208     tm4c1294ncpdt_startup_ccs.obj (.intvecs)

.text      0    00000208    0000375a     
                  00000208    0000113e     rtsv7M4_T_le_v4SPD16_eabi.lib : _printfi.obj (.text)
                  00001346    00000002                                   : mpu_init.obj (.text)
                  00001348    00000898                                   : _scanfi.obj (.text)
                  00001be0    0000023c                                   : strtod.obj (.text)
                  00001e1c    00000204     Monitor.obj (.text)
                  00002020    000001f4     rtsv7M4_T_le_v4SPD16_eabi.lib : ull_div_t2.obj (.text)
                  00002214    000001dc                                   : strtoll.obj (.text)
                  000023f0    000001b6                                   : fd_add_t2.obj (.text)
                  000025a6    00000002                                   : startup.obj (.text)
                  000025a8    00000164     Interrupt.obj (.text)
                  0000270c    0000015c     rtsv7M4_T_le_v4SPD16_eabi.lib : strtoull.obj (.text)
                  00002868    00000136                                   : fd_div_t2.obj (.text)
                  0000299e    00000002     --HOLE-- [fill = 0]
                  000029a0    00000134     MessagePassing.obj (.text)
                  00002ad4    00000134     rtsv7M4_T_le_v4SPD16_eabi.lib : strtol.obj (.text)
                  00002c08    00000130     Application.obj (.text)
                  00002d38    00000114     rtsv7M4_T_le_v4SPD16_eabi.lib : strtoul.obj (.text)
                  00002e4c    000000fc                                   : fd_mul_t2.obj (.text)
                  00002f48    000000fc                                   : s_scalbn.obj (.text)
                  00003044    000000cc                                   : sscanf.obj (.text)
                  00003110    0000009c                                   : memcpy_t2.obj (.text)
                  000031ac    00000086                                   : fd_cmp_t2.obj (.text:__aeabi_cdcmple)
                  00003232    00000086                                   : fd_cmp_t2.obj (.text:__aeabi_cdrcmple)
                  000032b8    0000007a                                   : memset_t2.obj (.text)
                  00003332    00000002     --HOLE-- [fill = 0]
                  00003334    00000070     Systick.obj (.text)
                  000033a4    00000070     rtsv7M4_T_le_v4SPD16_eabi.lib : autoinit.obj (.text)
                  00003414    0000006e                                   : fd_tos_t2.obj (.text)
                  00003482    00000068                                   : copy_decompress_lzss.obj (.text:decompress:lzss)
                  000034ea    00000002     --HOLE-- [fill = 0]
                  000034ec    00000064                                   : s_frexp.obj (.text)
                  00003550    00000060                                   : sprintf.obj (.text)
                  000035b0    00000054                                   : boot.obj (.text)
                  00003604    00000054                                   : exit.obj (.text)
                  00003658    00000054                                   : ltoa.obj (.text)
                  000036ac    0000004c                                   : atoi.obj (.text)
                  000036f8    0000004c                                   : cpy_tbl.obj (.text)
                  00003744    00000048                                   : fd_toi_t2.obj (.text)
                  0000378c    00000040                                   : strtok.obj (.text)
                  000037cc    0000002e                                   : i_tofd_t2.obj (.text)
                  000037fa    0000002a                                   : strspn.obj (.text)
                  00003824    00000024                                   : strcspn.obj (.text)
                  00003848    0000001c                                   : memccpy.obj (.text)
                  00003864    00000018                                   : args_main.obj (.text)
                  0000387c    00000018                                   : ll_mul_t2.obj (.text)
                  00003894    00000018                                   : strcmp.obj (.text)
                  000038ac    00000018                                   : strrchr.obj (.text)
                  000038c4    00000016                                   : strchr.obj (.text)
                  000038da    00000002     --HOLE-- [fill = 0]
                  000038dc    00000014                                   : _lock.obj (.text)
                  000038f0    00000014                                   : s_copysign.obj (.text)
                  00003904    00000014                                   : strcpy.obj (.text)
                  00003918    00000014                                   : strlen.obj (.text)
                  0000392c    00000010                                   : toupper.obj (.text)
                  0000393c    0000000e                                   : copy_decompress_none.obj (.text:decompress:none)
                  0000394a    0000000c     tm4c1294ncpdt_startup_ccs.obj (.text)
                  00003956    00000008     main.obj (.text)
                  0000395e    00000004     rtsv7M4_T_le_v4SPD16_eabi.lib : pre_init.obj (.text)

.const     0    00003968    000001b0     
                  00003968    00000101     rtsv7M4_T_le_v4SPD16_eabi.lib : ctype.obj (.const:.string:_ctypes_)
                  00003a69    00000007     --HOLE-- [fill = 0]
                  00003a70    00000098                                   : strtod.obj (.const:$O1$$)
                  00003b08    00000010                                   : _scanfi.obj (.const:$O1$$)

.cinit     0    00003b18    0000003c     
                  00003b18    0000002b     (.cinit..data.load) [load image, compression = lzss]
                  00003b43    00000001     --HOLE-- [fill = 0]
                  00003b44    00000008     (__TI_handler_table)
                  00003b4c    00000008     (__TI_cinit_table)

.init_array 
*          0    00000000    00000000     UNINITIALIZED

.stack     0    20000000    00000800     UNINITIALIZED
                  20000000    00000800     --HOLE--

.data      0    20000800    00000390     UNINITIALIZED
                  20000800    00000190     MessagePassing.obj (.data:InputQueue)
                  20000990    00000190     MessagePassing.obj (.data:OutputQueue)
                  20000b20    00000030     Application.obj (.data:DaysPerMonth)
                  20000b50    0000001c     Application.obj (.data:CurrentTime)
                  20000b6c    0000000c     rtsv7M4_T_le_v4SPD16_eabi.lib : exit.obj (.data:$O1$$)
                  20000b78    00000008                                   : _lock.obj (.data:$O1$$)
                  20000b80    00000004     Interrupt.obj (.data)
                  20000b84    00000004     rtsv7M4_T_le_v4SPD16_eabi.lib : errno.obj (.data)
                  20000b88    00000004                                   : stkdepth_vars.obj (.data)
                  20000b8c    00000004                                   : strtok.obj (.data)

MODULE SUMMARY

       Module                          code    ro data   rw data
       ------                          ----    -------   -------
    .\
       MessagePassing.obj              308     0         800    
       tm4c1294ncpdt_startup_ccs.obj   12      520       0      
       Monitor.obj                     516     0         0      
       Application.obj                 304     0         76     
       Interrupt.obj                   356     0         4      
       Systick.obj                     112     0         0      
       main.obj                        8       0         0      
    +--+-------------------------------+-------+---------+---------+
       Total:                          1616    520       880    
                                                                
    C:\ti\ccsv7\tools\compiler\ti-cgt-arm_16.9.6.LTS\lib\rtsv7M4_T_le_v4SPD16_eabi.lib
       _printfi.obj                    4414    0         0      
       _scanfi.obj                     2200    16        0      
       strtod.obj                      572     152       0      
       ull_div_t2.obj                  500     0         0      
       strtoll.obj                     476     0         0      
       fd_add_t2.obj                   438     0         0      
       strtoull.obj                    348     0         0      
       fd_div_t2.obj                   310     0         0      
       strtol.obj                      308     0         0      
       strtoul.obj                     276     0         0      
       fd_cmp_t2.obj                   268     0         0      
       ctype.obj                       0       257       0      
       fd_mul_t2.obj                   252     0         0      
       s_scalbn.obj                    252     0         0      
       sscanf.obj                      204     0         0      
       memcpy_t2.obj                   156     0         0      
       memset_t2.obj                   122     0         0      
       autoinit.obj                    112     0         0      
       fd_tos_t2.obj                   110     0         0      
       copy_decompress_lzss.obj        104     0         0      
       s_frexp.obj                     100     0         0      
       exit.obj                        84      0         12     
       sprintf.obj                     96      0         0      
       boot.obj                        84      0         0      
       ltoa.obj                        84      0         0      
       atoi.obj                        76      0         0      
       cpy_tbl.obj                     76      0         0      
       fd_toi_t2.obj                   72      0         0      
       strtok.obj                      64      0         4      
       i_tofd_t2.obj                   46      0         0      
       strspn.obj                      42      0         0      
       strcspn.obj                     36      0         0      
       _lock.obj                       20      0         8      
       memccpy.obj                     28      0         0      
       args_main.obj                   24      0         0      
       ll_mul_t2.obj                   24      0         0      
       strcmp.obj                      24      0         0      
       strrchr.obj                     24      0         0      
       strchr.obj                      22      0         0      
       s_copysign.obj                  20      0         0      
       strcpy.obj                      20      0         0      
       strlen.obj                      20      0         0      
       toupper.obj                     16      0         0      
       copy_decompress_none.obj        14      0         0      
       errno.obj                       0       0         4      
       pre_init.obj                    4       0         0      
       stkdepth_vars.obj               0       0         4      
       mpu_init.obj                    2       0         0      
       startup.obj                     2       0         0      
    +--+-------------------------------+-------+---------+---------+
       Total:                          12546   425       32     
                                                                
       Stack:                          0       0         2048   
       Linker Generated:               0       59        0      
    +--+-------------------------------+-------+---------+---------+
       Grand Total:                    14162   1004      2960   


LINKER GENERATED COPY TABLES

__TI_cinit_table @ 00003b4c records: 1, size/record: 8, table size: 8
	.data: load addr=00003b18, load size=0000002b bytes, run addr=20000800, run size=00000390 bytes, compression=lzss


LINKER GENERATED HANDLER TABLE

__TI_handler_table @ 00003b44 records: 2, size/record: 4, table size: 8
	index: 0, handler: __TI_decompress_lzss
	index: 1, handler: __TI_decompress_none


GLOBAL SYMBOLS: SORTED ALPHABETICALLY BY Name 

address   name                           
-------   ----                           
00001f43  BuildTokens                    
00003605  C$$EXIT                        
00001eef  CommandHandler                 
00001fc9  CstrAppend                     
00003377  InitClock                      
00002ab9  InitMsgPassing                 
00002643  InitTerminal                   
00002607  InterruptEnable                
000026ab  InterruptMasterEnable          
00001e1d  Monitor                        
00001e75  PrintString                    
00002a3f  ReceiveMessage                 
0000394b  ResetISR                       
UNDEFED   SHT$$INIT_ARRAY$$Base          
UNDEFED   SHT$$INIT_ARRAY$$Limit         
00001ee7  SYSTICK_MsgHandler             
000029a1  SendMessage                    
0000338b  SysTickHandler                 
0000336b  SysTickIntDisable              
0000335f  SysTickIntEnable               
0000334d  SysTickPeriod                  
00003335  SysTickStart                   
00003341  SysTickStop                    
000025a9  UART0_Init                     
0000262f  UART0_IntEnable                
00002657  UART0_IntHandler               
20000b80  UART_IDLE                      
00001ea1  UART_MsgHandler                
000026af  UART_PutChar                   
00002c6f  UpdateTime                     
20000800  __STACK_END                    
00000800  __STACK_SIZE                   
20000200  __STACK_TOP                    
00003b4c  __TI_CINIT_Base                
00003b54  __TI_CINIT_Limit               
00003b44  __TI_Handler_Table_Base        
00003b4c  __TI_Handler_Table_Limit       
000033a5  __TI_auto_init                 
20000b6c  __TI_cleanup_ptr               
00003483  __TI_decompress_lzss           
0000393d  __TI_decompress_none           
20000b70  __TI_dtors_ptr                 
20000b74  __TI_enable_exit_profile_output
ffffffff  __TI_pprof_out_hndl            
00000a4d  __TI_printfi                   
ffffffff  __TI_prof_data_size            
ffffffff  __TI_prof_data_start           
00001349  __TI_scanfi                    
00000000  __TI_static_base__             
000031ad  __aeabi_cdcmpeq                
000031ad  __aeabi_cdcmple                
00003233  __aeabi_cdrcmple               
00003415  __aeabi_d2f                    
00003745  __aeabi_d2iz                   
000023fb  __aeabi_dadd                   
00002869  __aeabi_ddiv                   
00002e4d  __aeabi_dmul                   
000023f1  __aeabi_dsub                   
000037cd  __aeabi_i2d                    
0000387d  __aeabi_lmul                   
000032b9  __aeabi_memclr                 
000032b9  __aeabi_memclr4                
000032b9  __aeabi_memclr8                
00003111  __aeabi_memcpy                 
00003111  __aeabi_memcpy4                
00003111  __aeabi_memcpy8                
000032bb  __aeabi_memset                 
000032bb  __aeabi_memset4                
000032bb  __aeabi_memset8                
00002021  __aeabi_uldivmod               
ffffffff  __binit__                      
ffffffff  __c_args__                     
00001347  __mpu_init                     
20000000  __stack                        
00003865  _args_main                     
000035b1  _c_int00                       
00003968  _ctypes_                       
20000b78  _lock                          
000038eb  _nop                           
000038e3  _register_lock                 
000038dd  _register_unlock               
000025a7  _system_post_cinit             
0000395f  _system_pre_init               
20000b7c  _unlock                        
00003609  abort                          
000036ad  atoi                           
ffffffff  binit                          
000036f9  copy_in                        
000038f1  copysign                       
000038f1  copysignl                      
20000b84  errno                          
00003611  exit                           
000034ed  frexp                          
000034ed  frexpl                         
00000000  g_pfnVectors                   
00002f49  ldexp                          
00002f49  ldexpl                         
00003659  ltoa                           
00003957  main                           
20000b88  main_func_sp                   
00003849  memccpy                        
00003111  memcpy                         
000032c1  memset                         
00002f49  scalbn                         
00002f49  scalbnl                        
00003551  sprintf                        
00003057  sscanf                         
000038c5  strchr                         
00003895  strcmp                         
00003905  strcpy                         
00003825  strcspn                        
00003919  strlen                         
000038ad  strrchr                        
000037fb  strspn                         
00001be1  strtod                         
0000378d  strtok                         
00002ad5  strtol                         
00001be1  strtold                        
00002215  strtoll                        
00002d39  strtoul                        
0000270d  strtoull                       
00002c09  time                           
0000392d  toupper                        
00003045  vsscanf                        


GLOBAL SYMBOLS: SORTED BY Symbol Address 

address   name                           
-------   ----                           
00000000  __TI_static_base__             
00000000  g_pfnVectors                   
00000800  __STACK_SIZE                   
00000a4d  __TI_printfi                   
00001347  __mpu_init                     
00001349  __TI_scanfi                    
00001be1  strtod                         
00001be1  strtold                        
00001e1d  Monitor                        
00001e75  PrintString                    
00001ea1  UART_MsgHandler                
00001ee7  SYSTICK_MsgHandler             
00001eef  CommandHandler                 
00001f43  BuildTokens                    
00001fc9  CstrAppend                     
00002021  __aeabi_uldivmod               
00002215  strtoll                        
000023f1  __aeabi_dsub                   
000023fb  __aeabi_dadd                   
000025a7  _system_post_cinit             
000025a9  UART0_Init                     
00002607  InterruptEnable                
0000262f  UART0_IntEnable                
00002643  InitTerminal                   
00002657  UART0_IntHandler               
000026ab  InterruptMasterEnable          
000026af  UART_PutChar                   
0000270d  strtoull                       
00002869  __aeabi_ddiv                   
000029a1  SendMessage                    
00002a3f  ReceiveMessage                 
00002ab9  InitMsgPassing                 
00002ad5  strtol                         
00002c09  time                           
00002c6f  UpdateTime                     
00002d39  strtoul                        
00002e4d  __aeabi_dmul                   
00002f49  ldexp                          
00002f49  ldexpl                         
00002f49  scalbn                         
00002f49  scalbnl                        
00003045  vsscanf                        
00003057  sscanf                         
00003111  __aeabi_memcpy                 
00003111  __aeabi_memcpy4                
00003111  __aeabi_memcpy8                
00003111  memcpy                         
000031ad  __aeabi_cdcmpeq                
000031ad  __aeabi_cdcmple                
00003233  __aeabi_cdrcmple               
000032b9  __aeabi_memclr                 
000032b9  __aeabi_memclr4                
000032b9  __aeabi_memclr8                
000032bb  __aeabi_memset                 
000032bb  __aeabi_memset4                
000032bb  __aeabi_memset8                
000032c1  memset                         
00003335  SysTickStart                   
00003341  SysTickStop                    
0000334d  SysTickPeriod                  
0000335f  SysTickIntEnable               
0000336b  SysTickIntDisable              
00003377  InitClock                      
0000338b  SysTickHandler                 
000033a5  __TI_auto_init                 
00003415  __aeabi_d2f                    
00003483  __TI_decompress_lzss           
000034ed  frexp                          
000034ed  frexpl                         
00003551  sprintf                        
000035b1  _c_int00                       
00003605  C$$EXIT                        
00003609  abort                          
00003611  exit                           
00003659  ltoa                           
000036ad  atoi                           
000036f9  copy_in                        
00003745  __aeabi_d2iz                   
0000378d  strtok                         
000037cd  __aeabi_i2d                    
000037fb  strspn                         
00003825  strcspn                        
00003849  memccpy                        
00003865  _args_main                     
0000387d  __aeabi_lmul                   
00003895  strcmp                         
000038ad  strrchr                        
000038c5  strchr                         
000038dd  _register_unlock               
000038e3  _register_lock                 
000038eb  _nop                           
000038f1  copysign                       
000038f1  copysignl                      
00003905  strcpy                         
00003919  strlen                         
0000392d  toupper                        
0000393d  __TI_decompress_none           
0000394b  ResetISR                       
00003957  main                           
0000395f  _system_pre_init               
00003968  _ctypes_                       
00003b44  __TI_Handler_Table_Base        
00003b4c  __TI_CINIT_Base                
00003b4c  __TI_Handler_Table_Limit       
00003b54  __TI_CINIT_Limit               
20000000  __stack                        
20000200  __STACK_TOP                    
20000800  __STACK_END                    
20000b6c  __TI_cleanup_ptr               
20000b70  __TI_dtors_ptr                 
20000b74  __TI_enable_exit_profile_output
20000b78  _lock                          
20000b7c  _unlock                        
20000b80  UART_IDLE                      
20000b84  errno                          
20000b88  main_func_sp                   
ffffffff  __TI_pprof_out_hndl            
ffffffff  __TI_prof_data_size            
ffffffff  __TI_prof_data_start           
ffffffff  __binit__                      
ffffffff  __c_args__                     
ffffffff  binit                          
UNDEFED   SHT$$INIT_ARRAY$$Base          
UNDEFED   SHT$$INIT_ARRAY$$Limit         

[124 symbols]
