******************************************************************************
                  TI ARM Linker PC v16.9.6                     
******************************************************************************
>> Linked Tue Sep 11 18:39:21 2018

OUTPUT FILE NAME:   <Interrupt-Driven Monitor.out>
ENTRY POINT SYMBOL: "_c_int00"  address: 000004e9


MEMORY CONFIGURATION

         name            origin    length      used     unused   attr    fill
----------------------  --------  ---------  --------  --------  ----  --------
  FLASH                 00000000   00100000  0000066c  000ff994  R  X
  SRAM                  20000000   00040000  0000021d  0003fde3  RW X


SEGMENT ALLOCATION MAP

run origin  load origin   length   init length attrs members
----------  ----------- ---------- ----------- ----- -------
00000000    00000000    00000670   00000670    r-x
  00000000    00000000    00000208   00000208    r-- .intvecs
  00000208    00000208    0000042c   0000042c    r-x .text
  00000638    00000638    00000038   00000038    r-- .cinit
20000000    20000000    0000021d   00000000    rw-
  20000000    20000000    00000200   00000000    rw- .stack
  20000200    20000200    00000018   00000000    rw- .data
  20000218    20000218    00000005   00000000    rw- .bss


SECTION ALLOCATION MAP

 output                                  attributes/
section   page    origin      length       input sections
--------  ----  ----------  ----------   ----------------
.intvecs   0    00000000    00000208     
                  00000000    00000208     tm4c1294ncpdt_startup_ccs.obj (.intvecs)

.text      0    00000208    0000042c     
                  00000208    000000f0     Tiva_UART_EchoV1.obj (.text)
                  000002f8    0000009c     rtsv7M4_T_le_v4SPD16_eabi.lib : memcpy_t2.obj (.text)
                  00000394    0000007a                                   : memset_t2.obj (.text)
                  0000040e    00000002                                   : mpu_init.obj (.text)
                  00000410    00000070                                   : autoinit.obj (.text)
                  00000480    00000068                                   : copy_decompress_lzss.obj (.text:decompress:lzss)
                  000004e8    00000054                                   : boot.obj (.text)
                  0000053c    00000054                                   : exit.obj (.text)
                  00000590    0000004c                                   : cpy_tbl.obj (.text)
                  000005dc    00000018                                   : args_main.obj (.text)
                  000005f4    00000014                                   : _lock.obj (.text)
                  00000608    0000000e                                   : copy_decompress_none.obj (.text:decompress:none)
                  00000616    0000000c                                   : copy_zero_init.obj (.text:decompress:ZI)
                  00000622    0000000c     tm4c1294ncpdt_startup_ccs.obj (.text)
                  0000062e    00000004     rtsv7M4_T_le_v4SPD16_eabi.lib : pre_init.obj (.text)
                  00000632    00000002                                   : startup.obj (.text)

.cinit     0    00000638    00000038     
                  00000638    00000011     (.cinit..data.load) [load image, compression = lzss]
                  00000649    00000003     --HOLE-- [fill = 0]
                  0000064c    0000000c     (__TI_handler_table)
                  00000658    00000008     (.cinit..bss.load) [load image, compression = zero_init]
                  00000660    00000010     (__TI_cinit_table)

.init_array 
*          0    00000000    00000000     UNINITIALIZED

.stack     0    20000000    00000200     UNINITIALIZED
                  20000000    00000200     --HOLE--

.data      0    20000200    00000018     UNINITIALIZED
                  20000200    0000000c     rtsv7M4_T_le_v4SPD16_eabi.lib : exit.obj (.data:$O1$$)
                  2000020c    00000008                                   : _lock.obj (.data:$O1$$)
                  20000214    00000004                                   : stkdepth_vars.obj (.data)

.bss       0    20000218    00000005     UNINITIALIZED
                  20000218    00000004     (.common:GotData)
                  2000021c    00000001     (.common:Data)

MODULE SUMMARY

       Module                          code   ro data   rw data
       ------                          ----   -------   -------
    .\
       tm4c1294ncpdt_startup_ccs.obj   12     520       0      
       Tiva_UART_EchoV1.obj            240    0         5      
    +--+-------------------------------+------+---------+---------+
       Total:                          252    520       5      
                                                               
    C:\ti\ccsv7\tools\compiler\ti-cgt-arm_16.9.6.LTS\lib\rtsv7M4_T_le_v4SPD16_eabi.lib
       memcpy_t2.obj                   156    0         0      
       memset_t2.obj                   122    0         0      
       autoinit.obj                    112    0         0      
       copy_decompress_lzss.obj        104    0         0      
       exit.obj                        84     0         12     
       boot.obj                        84     0         0      
       cpy_tbl.obj                     76     0         0      
       _lock.obj                       20     0         8      
       args_main.obj                   24     0         0      
       copy_decompress_none.obj        14     0         0      
       copy_zero_init.obj              12     0         0      
       pre_init.obj                    4      0         0      
       stkdepth_vars.obj               0      0         4      
       mpu_init.obj                    2      0         0      
       startup.obj                     2      0         0      
    +--+-------------------------------+------+---------+---------+
       Total:                          816    0         24     
                                                               
       Stack:                          0      0         512    
       Linker Generated:               0      53        0      
    +--+-------------------------------+------+---------+---------+
       Grand Total:                    1068   573       541    


LINKER GENERATED COPY TABLES

__TI_cinit_table @ 00000660 records: 2, size/record: 8, table size: 16
	.data: load addr=00000638, load size=00000011 bytes, run addr=20000200, run size=00000018 bytes, compression=lzss
	.bss: load addr=00000658, load size=00000008 bytes, run addr=20000218, run size=00000005 bytes, compression=zero_init


LINKER GENERATED HANDLER TABLE

__TI_handler_table @ 0000064c records: 3, size/record: 4, table size: 12
	index: 0, handler: __TI_decompress_lzss
	index: 1, handler: __TI_decompress_none
	index: 2, handler: __TI_zero_init


GLOBAL SYMBOLS: SORTED ALPHABETICALLY BY Name 

address   name                           
-------   ----                           
0000053d  C$$EXIT                        
2000021c  Data                           
20000218  GotData                        
00000259  InterruptEnable                
00000279  InterruptMasterEnable          
00000623  ResetISR                       
UNDEFED   SHT$$INIT_ARRAY$$Base          
UNDEFED   SHT$$INIT_ARRAY$$Limit         
00000209  UART0_Init                     
0000026d  UART0_IntEnable                
000002ad  UART0_IntHandler               
20000200  __STACK_END                    
00000200  __STACK_SIZE                   
20000200  __STACK_TOP                    
00000660  __TI_CINIT_Base                
00000670  __TI_CINIT_Limit               
0000064c  __TI_Handler_Table_Base        
00000658  __TI_Handler_Table_Limit       
00000411  __TI_auto_init                 
20000200  __TI_cleanup_ptr               
00000481  __TI_decompress_lzss           
00000609  __TI_decompress_none           
20000204  __TI_dtors_ptr                 
20000208  __TI_enable_exit_profile_output
ffffffff  __TI_pprof_out_hndl            
ffffffff  __TI_prof_data_size            
ffffffff  __TI_prof_data_start           
00000000  __TI_static_base__             
00000617  __TI_zero_init                 
00000395  __aeabi_memclr                 
00000395  __aeabi_memclr4                
00000395  __aeabi_memclr8                
000002f9  __aeabi_memcpy                 
000002f9  __aeabi_memcpy4                
000002f9  __aeabi_memcpy8                
00000397  __aeabi_memset                 
00000397  __aeabi_memset4                
00000397  __aeabi_memset8                
ffffffff  __binit__                      
ffffffff  __c_args__                     
0000040f  __mpu_init                     
20000000  __stack                        
000005dd  _args_main                     
000004e9  _c_int00                       
2000020c  _lock                          
00000603  _nop                           
000005fb  _register_lock                 
000005f5  _register_unlock               
00000633  _system_post_cinit             
0000062f  _system_pre_init               
20000210  _unlock                        
00000541  abort                          
ffffffff  binit                          
00000591  copy_in                        
00000549  exit                           
00000000  g_pfnVectors                   
0000027d  main                           
20000214  main_func_sp                   
000002f9  memcpy                         
0000039d  memset                         


GLOBAL SYMBOLS: SORTED BY Symbol Address 

address   name                           
-------   ----                           
00000000  __TI_static_base__             
00000000  g_pfnVectors                   
00000200  __STACK_SIZE                   
00000209  UART0_Init                     
00000259  InterruptEnable                
0000026d  UART0_IntEnable                
00000279  InterruptMasterEnable          
0000027d  main                           
000002ad  UART0_IntHandler               
000002f9  __aeabi_memcpy                 
000002f9  __aeabi_memcpy4                
000002f9  __aeabi_memcpy8                
000002f9  memcpy                         
00000395  __aeabi_memclr                 
00000395  __aeabi_memclr4                
00000395  __aeabi_memclr8                
00000397  __aeabi_memset                 
00000397  __aeabi_memset4                
00000397  __aeabi_memset8                
0000039d  memset                         
0000040f  __mpu_init                     
00000411  __TI_auto_init                 
00000481  __TI_decompress_lzss           
000004e9  _c_int00                       
0000053d  C$$EXIT                        
00000541  abort                          
00000549  exit                           
00000591  copy_in                        
000005dd  _args_main                     
000005f5  _register_unlock               
000005fb  _register_lock                 
00000603  _nop                           
00000609  __TI_decompress_none           
00000617  __TI_zero_init                 
00000623  ResetISR                       
0000062f  _system_pre_init               
00000633  _system_post_cinit             
0000064c  __TI_Handler_Table_Base        
00000658  __TI_Handler_Table_Limit       
00000660  __TI_CINIT_Base                
00000670  __TI_CINIT_Limit               
20000000  __stack                        
20000200  __STACK_END                    
20000200  __STACK_TOP                    
20000200  __TI_cleanup_ptr               
20000204  __TI_dtors_ptr                 
20000208  __TI_enable_exit_profile_output
2000020c  _lock                          
20000210  _unlock                        
20000214  main_func_sp                   
20000218  GotData                        
2000021c  Data                           
ffffffff  __TI_pprof_out_hndl            
ffffffff  __TI_prof_data_size            
ffffffff  __TI_prof_data_start           
ffffffff  __binit__                      
ffffffff  __c_args__                     
ffffffff  binit                          
UNDEFED   SHT$$INIT_ARRAY$$Base          
UNDEFED   SHT$$INIT_ARRAY$$Limit         

[60 symbols]
